{"added": {"common.follow": false, "common.setting6.ops": "vops", "common.setting4": "blah blah", "common.setting5": "[complex value]", "group3": "[complex value]"}, "removed": {"common.setting2": 200, "group2": "[complex value]"}, "updated": {"common.setting3": {"from": true, "to": null}, "group1.nest": {"from": "[complex value]", "to": "str"}, "group1.baz": {"from": "bas", "to": "bars"}, "common.setting6.doge.wow": {"from": "", "to": "so much"}}}